The property is satisfied in the initial state (15 system states, 66 rewrites, holds in 15/15 states)
