The property is satisfied in the initial state (15 system states, 432 rewrites)
