The property is not satisfied in the initial state (16 system states, 76 rewrites, 2 Büchi states)
The property is satisfied in the initial state (48 system states, 88746 rewrites, 3 Büchi states)
The property is satisfied in the initial state (48 system states, 88746 rewrites, 3 Büchi states)
