Result: 1.0
Result: 1.0
Result: 1.0
Result: 1.0
Result: 1.0
Result: 1.0
Result: 0.3
Result: 0.0 to 1.0
Result: 0.39999999999999997
