Result: 2.0
Result: 2.0
Result: 2.6
Result: 3.333333333333333
Result: 3.333333333333333
Result: 2.9999999999999996
Result: inf
Result: 3.333333333333333 to inf
Result: 4.0
Result: 118.5
Result: 303.5
Result: 238.0
