 9/10                 < 1.0 >
 1/10                 < 0.0 >
 1/3                  << 1 >>
 1/3                  << 2 >>
 1/3                  << 3 >>
 1/7                  << 1 >>
 1/7                  << 2 >>
 1/7                  << 3 >>
 1/7                  << 4 >>
 1/7                  << 5 >>
 1/7                  << 6 >>
 1/7                  << 7 >>
 2/3                  < 2.0 >
 1/3                  < 1.0 >
 2/5                  1.0 2.0 3.0 0.0
 3/10                 1.0 2.0 0.0 4.0
 1/5                  1.0 0.0 3.0 4.0
 1/10                 0.0 2.0 3.0 4.0
 1/4                  0.0 2.0 3.0 4.0
 1/4                  1.0 0.0 3.0 4.0
 1/4                  1.0 2.0 0.0 4.0
 1/4                  1.0 2.0 3.0 0.0
