 0.615384615384615    head
 0.384615384615385    tail
 0.7                  head
 0.3                  tail
 0.7                  head
 0.3                  tail
Transient and steady-state probabilities are only computed for DTMCs.
