 0.6153846153846154   head
 0.3846153846153847   tail
 0.7000000000000001   head
 0.3                  tail
 0.7                  head
 0.3                  tail
 0.7                  head
 0.3                  tail
