 0.5                  head
 0.5                  tail
 0.5                  head
 0.5                  tail
 0.5                  head
 0.5                  tail
 0.7                  head
 0.3                  tail
 0.6                  head
 0.39999999999999997  tail
 1.0                  tail
 0.4999988067626005   head
 0.4999988067626005   tail
